// Jest Snapshot v1, https://goo.gl/fbAQLP

exports[`Creates a component renders correctly 1`] = `
<div>
  <h3
    className="mt-2"
  >
    Select a category
  </h3>
  <select
    className="category"
    onChange={[Function]}
    placeholder="Select Category"
  />
</div>
`;
