// Jest Snapshot v1, https://goo.gl/fbAQLP

exports[`Creates a component renders correctly 1`] = `
<div
  className="ui active centered inline loader"
/>
`;
